Microchip MPLAB XC8 Compiler V1.41 ()

Linker command line:

-W-3 --edf=C:\Program Files (x86)\Microchip\xc8\v1.41\dat\en_msgs.txt -cs \
  -h+dist/default/production\X_ModIO25-b.X.production.sym \
  --cmf=dist/default/production\X_ModIO25-b.X.production.cmf -z -Q18F25K50 \
  -oC:\Users\MAUCOR~1\AppData\Local\Temp\s5g0.2 \
  -Mdist/default/production/X_ModIO25-b.X.production.map -E1 -ver=XC8 \
  -ASTACK=0193h-07ffh -pstack=STACK -ACODE=00h-07FFFh -ACONST=00h-07FFFh \
  -ASMALLCONST=0800h-08FFhx120 -AMEDIUMCONST=0800h-07FFFh -ACOMRAM=01h-05Fh \
  -AABS1=00h-07FFh -ABIGRAM=01h-07FFh -ARAM=060h-0FFh,0100h-01FFhx7 \
  -ABANK0=060h-0FFh -ABANK1=0100h-01FFh -ABANK2=0200h-02FFh \
  -ABANK3=0300h-03FFh -ABANK4=0400h-04FFh -ABANK5=0500h-05FFh \
  -ABANK6=0600h-06FFh -ABANK7=0700h-07FFh -ASFR=0F53h-0F5Fh,0F60h-0FFFh \
  -preset_vec=00h,intcode=08h,intcodelo,powerup,init -pramtop=0800h \
  -psmallconst=SMALLCONST -pmediumconst=MEDIUMCONST -pconst=CONST \
  -AFARRAM=00h-00h -ACONFIG=0300000h-030000Dh -pconfig=CONFIG \
  -AIDLOC=0200000h-0200007h -pidloc=IDLOC -AEEDATA=0F00000h-0F000FFh \
  -peeprom_data=EEDATA \
  -prdata=COMRAM,nvrram=COMRAM,nvbit=COMRAM,rbss=COMRAM,rbit=COMRAM \
  -pfarbss=FARRAM,fardata=FARRAM,nvFARRAM=FARRAM \
  -pintsave_regs=BIGRAM,bigbss=BIGRAM,bigdata=BIGRAM -pbss=RAM \
  -pidata=CODE,irdata=CODE,ibigdata=CODE,ifardata=CODE -prparam=COMRAM \
  C:\Users\MAUCOR~1\AppData\Local\Temp\s5g0.obj \
  dist/default/production\X_ModIO25-b.X.production.obj 

Object code version is 3.11

Machine type is 18F25K50

Call graph: (short form)




                Name                               Link     Load   Length Selector   Space Scale
C:\Users\MAUCOR~1\AppData\Local\Temp\s5g0.obj
                init                                 94       94        4        4       0
                reset_vec                             0        0        4        0       0
                idloc                            200000   200000        8   200000       0
                config                           300000   300000        E   300000       0
dist/default/production\X_ModIO25-b.X.production.obj
                intcode                               8        8       8C        4       0
                temp                                 47       47        1        1       1
                text75                             2410     2410       32        4       0
                text74                             1EBA     1EBA       5C        4       0
                text73                             2216     2216       40        4       0
                text72                             26E4     26E4        4        4       0
                text71                             1294     1294       F8        4       0
                text70                             26D2     26D2        8        4       0
                text69                             191E     191E       B2        4       0
                text68                             26C0     26C0        A        4       0
                text67                             26DA     26DA        6        4       0
                text66                             20BC     20BC       4E        4       0
                text65                             206A     206A       52        4       0
                text64                             2470     2470       2C        4       0
                text63                             26A8     26A8        E        4       0
                text61                             21D6     21D6       40        4       0
                text60                             25B4     25B4       26        4       0
                text59                             2540     2540       28        4       0
                text58                             1190     1190      104        4       0
                text57                             2618     2618       1A        4       0
                text56                             19D0     19D0       A0        4       0
                text55                             1B72     1B72       7C        4       0
                text54                             2294     2294       3C        4       0
                text53                             2378     2378       34        4       0
                text52                             23DE     23DE       32        4       0
                text51                             2518     2518       28        4       0
                text50                             1560     1560       D6        4       0
                text49                             1072     1072      11E        4       0
                text48                             2018     2018       52        4       0
                text47                             2194     2194       42        4       0
                text46                             1AF4     1AF4       7E        4       0
                text45                             24C6     24C6       2A        4       0
                text44                             1D32     1D32       6A        4       0
                text43                             2344     2344       34        4       0
                text42                             25DA     25DA       24        4       0
                text41                              C8E      C8E      164        4       0
                text40                             2674     2674       14        4       0
                text39                             1CC8     1CC8       6A        4       0
                text38                             186C     186C       B2        4       0
                text37                              B10      B10      17E        4       0
                text36                             249C     249C       2A        4       0
                text35                             25FE     25FE       1A        4       0
                text34                              DF2      DF2      148        4       0
                text33                             265E     265E       16        4       0
                text32                             26B6     26B6        A        4       0
                text31                             1DFE     1DFE       60        4       0
                text30                             1F16     1F16       58        4       0
                text29                             1A70     1A70       84        4       0
                text28                             1BEE     1BEE       70        4       0
                text27                             230A     230A       3A        4       0
                text26                             16F8     16F8       BE        4       0
                text25                               98       98      722        4       0
                text24                              F3A      F3A      138        4       0
                text23                             2688     2688       12        4       0
                text22                             269A     269A        E        4       0
                text21                             23AC     23AC       32        4       0
                text20                             1E5E     1E5E       5C        4       0
                text19                             2442     2442       2E        4       0
                text18                             22D0     22D0       3A        4       0
                text17                             210A     210A       46        4       0
                text16                             258E     258E       26        4       0
                text15                             147C     147C       E4        4       0
                text14                             1F6E     1F6E       56        4       0
                text13                              7BA      7BA      1B4        4       0
                text12                             17B6     17B6       B6        4       0
                text11                             24F0     24F0       28        4       0
                text10                              96E      96E      1A2        4       0
                text9                              1636     1636       C2        4       0
                text8                              2568     2568       26        4       0
                text7                              2648     2648       16        4       0
                text6                              2632     2632       16        4       0
                text5                              138C     138C       F0        4       0
                text4                              2256     2256       3E        4       0
                text3                              1D9C     1D9C       62        4       0
                text2                              1C5E     1C5E       6A        4       0
                text1                              2150     2150       44        4       0
                text0                              26CA     26CA        8        4       0
                cstackCOMRAM                          1        1       2E        1       1
                cstackBANK0                          F5       F5        6       60       1
                cstackBANK1                         179      179       18      100       1
                bssBANK1                            100      100       79      100       1
                dataBANK0                            FB       FB        4       60       1
                bssBANK0                             60       60       95       60       1
                bssCOMRAM                            2F       2F       17        1       1
                bitbssCOMRAM                        230       46        1        1       1     8
                cinit                              1FC4     1FC4       54        4       0
                nvBANK1                             191      191        2      100       1
                nvBANK0                              FF       FF        1       60       1
                idataBANK0                         26E0     26E0        4        4       0

TOTAL           Name                               Link     Load   Length     Space
        CLASS   STACK          

        CLASS   CODE           
                intcode                               8        8       8C         0
                init                                 94       94        4         0
                reset_vec                             0        0        4         0
                text75                             2410     2410       32         0
                text74                             1EBA     1EBA       5C         0
                text73                             2216     2216       40         0
                text72                             26E4     26E4        4         0
                text71                             1294     1294       F8         0
                text70                             26D2     26D2        8         0
                text69                             191E     191E       B2         0
                text68                             26C0     26C0        A         0
                text67                             26DA     26DA        6         0
                text66                             20BC     20BC       4E         0
                text65                             206A     206A       52         0
                text64                             2470     2470       2C         0
                text63                             26A8     26A8        E         0
                text61                             21D6     21D6       40         0
                text60                             25B4     25B4       26         0
                text59                             2540     2540       28         0
                text58                             1190     1190      104         0
                text57                             2618     2618       1A         0
                text56                             19D0     19D0       A0         0
                text55                             1B72     1B72       7C         0
                text54                             2294     2294       3C         0
                text53                             2378     2378       34         0
                text52                             23DE     23DE       32         0
                text51                             2518     2518       28         0
                text50                             1560     1560       D6         0
                text49                             1072     1072      11E         0
                text48                             2018     2018       52         0
                text47                             2194     2194       42         0
                text46                             1AF4     1AF4       7E         0
                text45                             24C6     24C6       2A         0
                text44                             1D32     1D32       6A         0
                text43                             2344     2344       34         0
                text42                             25DA     25DA       24         0
                text41                              C8E      C8E      164         0
                text40                             2674     2674       14         0
                text39                             1CC8     1CC8       6A         0
                text38                             186C     186C       B2         0
                text37                              B10      B10      17E         0
                text36                             249C     249C       2A         0
                text35                             25FE     25FE       1A         0
                text34                              DF2      DF2      148         0
                text33                             265E     265E       16         0
                text32                             26B6     26B6        A         0
                text31                             1DFE     1DFE       60         0
                text30                             1F16     1F16       58         0
                text29                             1A70     1A70       84         0
                text28                             1BEE     1BEE       70         0
                text27                             230A     230A       3A         0
                text26                             16F8     16F8       BE         0
                text25                               98       98      722         0
                text24                              F3A      F3A      138         0
                text23                             2688     2688       12         0
                text22                             269A     269A        E         0
                text21                             23AC     23AC       32         0
                text20                             1E5E     1E5E       5C         0
                text19                             2442     2442       2E         0
                text18                             22D0     22D0       3A         0
                text17                             210A     210A       46         0
                text16                             258E     258E       26         0
                text15                             147C     147C       E4         0
                text14                             1F6E     1F6E       56         0
                text13                              7BA      7BA      1B4         0
                text12                             17B6     17B6       B6         0
                text11                             24F0     24F0       28         0
                text10                              96E      96E      1A2         0
                text9                              1636     1636       C2         0
                text8                              2568     2568       26         0
                text7                              2648     2648       16         0
                text6                              2632     2632       16         0
                text5                              138C     138C       F0         0
                text4                              2256     2256       3E         0
                text3                              1D9C     1D9C       62         0
                text2                              1C5E     1C5E       6A         0
                text1                              2150     2150       44         0
                text0                              26CA     26CA        8         0
                cinit                              1FC4     1FC4       54         0
                idataBANK0                         26E0     26E0        4         0

        CLASS   CONST          

        CLASS   SMALLCONST     

        CLASS   MEDIUMCONST    

        CLASS   COMRAM         
                temp                                 47       47        1         1
                cstackCOMRAM                          1        1       2E         1
                bssCOMRAM                            2F       2F       17         1
                bitbssCOMRAM                        230       46        1         1

        CLASS   ABS1           

        CLASS   BIGRAM         

        CLASS   RAM            

        CLASS   BANK0          
                cstackBANK0                          F5       F5        6         1
                dataBANK0                            FB       FB        4         1
                bssBANK0                             60       60       95         1
                nvBANK0                              FF       FF        1         1

        CLASS   BANK1          
                cstackBANK1                         179      179       18         1
                bssBANK1                            100      100       79         1
                nvBANK1                             191      191        2         1

        CLASS   BANK2          

        CLASS   BANK3          

        CLASS   BANK4          

        CLASS   BANK5          

        CLASS   BANK6          

        CLASS   BANK7          

        CLASS   SFR            

        CLASS   FARRAM         

        CLASS   CONFIG         
                config                           300000   300000        E         0

        CLASS   IDLOC          
                idloc                            200000   200000        8         0

        CLASS   EEDATA         



SEGMENTS        Name                           Load    Length   Top    Selector   Space  Class

                reset_vec                      000000  000004  000004         0       0  CODE    
                cstackCOMRAM                   000001  000047  000048         1       1  COMRAM  
                intcode                        000008  0026E0  0026E8         4       0  CODE    
                bssBANK0                       000060  0000A0  000100        60       1  BANK0   
                bssBANK1                       000100  000093  000193       100       1  BANK1   
                idloc                          200000  000008  200008    200000       0  IDLOC   
                config                         300000  00000E  30000E    300000       0  CONFIG  


UNUSED ADDRESS RANGES

        Name                Unused          Largest block    Delta
        BANK1            000193-0001FF               6D
        BANK2            000200-0002FF              100
        BANK3            000300-0003FF              100
        BANK4            000400-0004FF              100
        BANK5            000500-0005FF              100
        BANK6            000600-0006FF              100
        BANK7            000700-0007FF              100
        BIGRAM           000048-00005F               18
                         000193-0007FF              66D
        CODE             000004-000007                4
                         0026E8-007FFF             5918
        COMRAM           000048-00005F               18
        CONST            000004-000007                4
                         0026E8-007FFF             5918
        EEDATA           F00000-F000FF              100
        MEDIUMCONST      0026E8-007FFF             5918
        RAM              000193-0007FF              100
        SFR              000F53-000FFF                D
        SMALLCONST       0026E8-007FFF              100
        STACK            000193-0007FF              66D

                                  Symbol Table

?_ADC_Lee                   cstackCOMRAM 000001
?_I2CLeeByte                cstackCOMRAM 000019
?__MrSgte                   cstackCOMRAM 000019
?___aldiv                   cstackCOMRAM 000025
?___awdiv                   cstackCOMRAM 000019
?___awmod                   cstackCOMRAM 000019
?___lmul                    cstackCOMRAM 000019
?___lwdiv                   cstackCOMRAM 000019
?___lwmod                   cstackCOMRAM 000019
?_abs                       cstackCOMRAM 000019
ADC_Lee@AdcCanal            cstackCOMRAM 000001
ADC_Lee@ind                 cstackCOMRAM 000005
Bcd2Hex@Bcd1                cstackCOMRAM 00001B
Bcd2Hex@Hex1                cstackCOMRAM 00001A
Delay_ms@I                  cstackCOMRAM 00001C
Delay_ms@delay              cstackCOMRAM 000019
EscRAM@Car2P                cstackCOMRAM 000025
EscRAM@Dir                  cstackCOMRAM 000023
Hex2Bcd@Bcd1                cstackCOMRAM 000023
Hex2Bcd@Hex1                cstackCOMRAM 000024
I2CEscByte@I2CByte          cstackCOMRAM 000025
I2CEscByte@Index            cstackCOMRAM 000027
I2CLeeByte@I2CByte          cstackCOMRAM 00001D
I2CLeeByte@Index            cstackCOMRAM 00001B
IntDelay_ms@I               cstackCOMRAM 000004
IntDelay_ms@delay           cstackCOMRAM 000001
IntLedParpadea@I            cstackCOMRAM 000009
IntLedParpadea@Nveces       cstackCOMRAM 000006
LedParpadea@I               cstackCOMRAM 000021
LedParpadea@Nveces          cstackCOMRAM 00001E
LeeRAM@Dir                  cstackCOMRAM 000023
MIOAdcAjuste2_5@k1          cstackBANK1  000179
MrAgregaReg@MrTemp          cstackBANK1  000181
MrInicializa@Ind            cstackCOMRAM 000019
MrSeparaFecha@MrAmPm        cstackCOMRAM 000025
MseEsc@Datos                cstackCOMRAM 00002B
MseEsc@Dir                  cstackCOMRAM 000029
MseEsc@Index                cstackBANK1  000179
MseEsc@NBytes               cstackCOMRAM 00002D
MseLee@Datos                cstackCOMRAM 00002B
MseLee@Dir                  cstackCOMRAM 000029
MseLee@Index                cstackBANK1  000179
MseLee@NBytes               cstackCOMRAM 00002D
MstRsComando@Ind            cstackBANK1  00018A
Ppal_RsComando@ind          cstackBANK1  000185
PsInit@Baudrate             cstackCOMRAM 000019
PsTxEnviaCar@car            cstackCOMRAM 000001
RsCheckSum@Car1             cstackCOMRAM 000023
RsCheckSum@CheckSum1        cstackCOMRAM 00001F
RsCheckSum@CheckSum2        cstackCOMRAM 00001E
RsCheckSum@Ind              cstackCOMRAM 000021
RsCheckSum@RsBuffer         cstackCOMRAM 00001B
RsCheckSum@RsLen            cstackCOMRAM 000019
RsInit@Baudrate             cstackCOMRAM 00001D
RsTxEnviaMsg@RsTxLen        cstackCOMRAM 000025
RsTxEnviaMsg@Temp1          cstackCOMRAM 000028
RtcLee@Char1                cstackCOMRAM 000029
_ADCON0                     (abs)        000FC2
_ADCON1                     (abs)        000FC1
_ADCON2                     (abs)        000FC0
_ADC_Init                   text7        002648
_ADC_Lee                    text66       0020BC
_ADRESH                     (abs)        000FC4
_ADRESL                     (abs)        000FC3
_ANSELA                     (abs)        000F5B
_ANSELB                     (abs)        000F5C
_ANSELC                     (abs)        000F5D
_Adc2_5                     bssBANK0     00008A
_Adc5v                      bssBANK0     000088
_Adc5v1                     bssBANK0     000086
_BAUDCON                    (abs)        000FB8
_Bcd2Hex                    text57       002618
_Buffer1                    bssBANK1     000100
_Car1                       bssCOMRAM    000045
_Delay_ms                   text21       0023AC
_Dir1                       bssBANK0     0000AE
_Dummy                      bssBANK0     0000B6
_EEByte                     bssBANK1     00011E
_EntradaAN                  bssBANK0     0000B2
_EscRAM                     text60       0025B4
_GIE                        (abs)        007F97
_GO                         (abs)        007E11
_Hex2Bcd                    text27       00230A
_Hora1                      bssBANK1     000125
_I2CAck                     bssBANK0     0000A8
_I2CEscByte                 text56       0019D0
_I2CInit                    text6        002632
_I2CLeeByte                 text55       001B72
_I2CSendAck                 text54       002294
_I2CSendNAck                text53       002378
_I2CStart                   text52       0023DE
_I2CStop                    text51       002518
_INTCON                     (abs)        000FF2
_IntDelay_ms                text75       002410
_IntLedParpadea             text74       001EBA
_Interr                     intcode      000008
_LecturaAN                  bssBANK0     0000B4
_LedAmarilloInit            text22       00269A
_LedAmarilloInterr          text73       002216
_LedContMs                  nvBANK1      000191
_LedParpadea                text20       001E5E
_LeeRAM                     text59       002540
_MIOAdcAct                  bssCOMRAM    000033
_MIOAdcAjuste2_5            text13       0007BA
_MIOAdcAnt                  bssBANK0     000074
_MIOAdcDelta                bssBANK0     000060
_MIOAdcDivisor              bssBANK1     000114
_MIOAdcLeido                bssBANK0     0000DE
_MIOAdcLeido2Act            text16       00258E
_MIOAdcMin                  bssBANK0     00006A
_MIOInit                    text5        00138C
_MIOSegCont                 bssBANK0     000084
_MIOTpoDeltaMax             dataBANK0    0000FD
_MIOTpoDeltaMin             dataBANK0    0000FB
_MioCiclo                   text10       00096E
_MioCicloHabilitado         bssBANK0     0000CC
_MioInterr                  text65       00206A
_MioPreparaReg              text12       0017B6
_MonDir                     bssBANK0     0000B8
_MonRsCMD                   bssBANK0     0000AA
_MrAgregaReg                text41       000C8E
_MrAnt                      text40       002674
_MrDirV                     bssCOMRAM    000041
_MrFecha12                  bssCOMRAM    00003D
_MrFecha12Ult               bssBANK0     0000EF
_MrFormat                   text38       00186C
_MrGpo                      bssBANK0     0000A2
_MrHora12                   bssBANK0     0000F3
_MrInicializa               text39       001CC8
_MrInicializado             bitbssCOMRAM 000230
_MrInit                     text34       000DF2
_MrLeeReg                   text35       0025FE
_MrNRegEnGpo                bssBANK0     0000A0
_MrReg                      bssBANK0     0000D1
_MrRegAux                   bssBANK1     00016C
_MrRegPos                   bssBANK0     00007E
_MrRegsXGpo                 bssBANK0     0000A4
_MrSeparaFecha              text58       001190
_MrSgte                     text33       00265E
_MrUlt                      text32       0026B6
_MrUltV                     bssCOMRAM    000043
_MseEsc                     text49       001072
_MseLee                     text37       000B10
_MseUltDirLeido             bssBANK0     0000A6
_MstCiclo                   text23       002688
_MstInit                    text17       00210A
_MstInterr                  text67       0026DA
_MstMain                    text1        002150
_MstPpEjecutaF              nvBANK0      0000FF
_MstPpInicializadoF         bssCOMRAM    00002F
_MstRsComando               text24       000F3A
_NBytes1                    bssBANK0     0000AC
_OSCCON                     (abs)        000FD3
_PORTB                      (abs)        000F81
_PORTBbits                  (abs)        000F81
_PORTCbits                  (abs)        000F82
_PR2                        (abs)        000FBB
_PpalRsCMD                  bssBANK0     0000CE
_Ppal_Ciclo                 text8        002568
_Ppal_Init                  text2        001C5E
_Ppal_Interr                text63       0026A8
_Ppal_RsComando             text25       000098
_PsInit                     text19       002442
_PsRxInterrupt              text71       001294
_PsRxRecibeCar              text72       0026E4
_PsTxEnviaCar               text70       0026D2
_PsTxInterrupt              text69       00191E
_Ptr1                       bssBANK0     0000B0
_RCIF                       (abs)        007CF5
_RCREG1                     (abs)        000FAE
_RCSTA                      (abs)        000FAB
_RsCheckSum                 text31       001DFE
_RsInit                     text18       0022D0
_RsInterr                   text68       0026C0
_RsRxBuffer                 bssBANK1     00014E
_RsRxBufferLen              bssBANK0     0000CA
_RsRxCS                     bssCOMRAM    000030
_RsRxCar                    bssCOMRAM    000032
_RsRxCarDobleF              bssBANK0     0000BE
_RsRxIndex                  bssBANK0     0000C6
_RsRxRecibioMsgF            bssBANK0     0000C0
_RsTxBuffer                 bssBANK1     000130
_RsTxBufferLen              bssBANK0     0000C8
_RsTxCS                     bssBANK0     0000D0
_RsTxCar                    bssCOMRAM    000031
_RsTxCarDobleF              bssBANK0     0000BA
_RsTxEnviaMsg               text30       001F16
_RsTxIndex                  bssBANK0     0000C4
_RsTxTransF                 bssBANK0     0000C2
_RsTxTransmitiendoF         bssBANK0     0000BC
_RtcEsc                     text26       0016F8
_RtcFechaHora               bssBANK0     0000E8
_RtcInit                    text4        002256
_RtcLee                     text50       001560
_SPBRG                      (abs)        000FAF
_SPBRGH                     (abs)        000FB0
_SSP1CON1                   (abs)        000FC6
_T2CON                      (abs)        000FBA
_TMR2IE                     (abs)        007CE9
_TMR2IF                     (abs)        007CF1
_TRISA                      (abs)        000F92
_TRISB                      (abs)        000F93
_TRISBbits                  (abs)        000F93
_TRISCbits                  (abs)        000F94
_TXIF                       (abs)        007CF4
_TXREG1                     (abs)        000FAD
_TXSTA                      (abs)        000FAC
_TempSeg                    bssBANK0     000082
_Tpo50msF                   bssBANK0     00009C
_TpoDiaF                    bssBANK0     000094
_TpoHoraF                   bssBANK0     000096
_TpoMinF                    bssBANK0     000098
_TpoMsCont                  bssBANK0     00009E
_TpoRtcDiaAnt               bssBANK0     00008C
_TpoRtcHoraAnt              bssBANK0     00008E
_TpoRtcMinAnt               bssBANK0     000090
_TpoRtcSegAnt               bssBANK0     000092
_TpoSegEnDia                bssBANK1     00012C
_TpoSegF                    bssBANK0     00009A
_Tpo_Ciclo                  text9        001636
_Tpo_init                   text3        001D9C
_Tpo_interr                 text64       002470
__CFG_BOREN$SBORDIS         (abs)        000000
__CFG_BORV$190              (abs)        000000
__CFG_CCP2MX$RC1            (abs)        000000
__CFG_CFGPLLEN$OFF          (abs)        000000
__CFG_CP0$OFF               (abs)        000000
__CFG_CP1$OFF               (abs)        000000
__CFG_CP2$OFF               (abs)        000000
__CFG_CP3$OFF               (abs)        000000
__CFG_CPB$OFF               (abs)        000000
__CFG_CPD$OFF               (abs)        000000
__CFG_CPUDIV$NOCLKDIV       (abs)        000000
__CFG_EBTR0$OFF             (abs)        000000
__CFG_EBTR1$OFF             (abs)        000000
__CFG_EBTR2$OFF             (abs)        000000
__CFG_EBTR3$OFF             (abs)        000000
__CFG_EBTRB$OFF             (abs)        000000
__CFG_FCMEN$OFF             (abs)        000000
__CFG_FOSC$INTOSCIO         (abs)        000000
__CFG_IESO$OFF              (abs)        000000
__CFG_LS48MHZ$SYS24X4       (abs)        000000
__CFG_LVP$OFF               (abs)        000000
__CFG_MCLRE$ON              (abs)        000000
__CFG_PBADEN$ON             (abs)        000000
__CFG_PCLKEN$ON             (abs)        000000
__CFG_PLLSEL$PLL4X          (abs)        000000
__CFG_SDOMX$RB3             (abs)        000000
__CFG_STVREN$OFF            (abs)        000000
__CFG_T3CMX$RC0             (abs)        000000
__CFG_WDTEN$OFF             (abs)        000000
__CFG_WDTPS$32768           (abs)        000000
__CFG_WRT0$OFF              (abs)        000000
__CFG_WRT1$OFF              (abs)        000000
__CFG_WRT2$OFF              (abs)        000000
__CFG_WRT3$OFF              (abs)        000000
__CFG_WRTB$OFF              (abs)        000000
__CFG_WRTC$OFF              (abs)        000000
__CFG_WRTD$OFF              (abs)        000000
__CFG_XINST$OFF             (abs)        000000
__CFG_nLPBOR$OFF            (abs)        000000
__CFG_nPWRTEN$OFF           (abs)        000000
__CalculaRegPos             text46       001AF4
__CalculaRegPos@MrNReg1     cstackCOMRAM 000020
__HRAM                      (abs)        000000
__Habs1                     abs1         000000
__Hbank0                    bank0        000000
__Hbank1                    bank1        000000
__Hbank2                    bank2        000000
__Hbank3                    bank3        000000
__Hbank4                    bank4        000000
__Hbank5                    bank5        000000
__Hbank6                    bank6        000000
__Hbank7                    bank7        000000
__Hbigbss                   bigbss       000000
__Hbigdata                  bigdata      000000
__Hbigram                   bigram       000000
__HbitbssCOMRAM             bitbssCOMRAM 000000
__Hbss                      bss          000000
__HbssBANK0                 bssBANK0     000000
__HbssBANK1                 bssBANK1     000000
__HbssCOMRAM                bssCOMRAM    000000
__Hcinit                    cinit        000000
__Hclrtext                  clrtext      000000
__Hcomram                   comram       000000
__Hconfig                   config       30000E
__Hconst                    const        000000
__HcstackBANK0              cstackBANK0  000000
__HcstackBANK1              cstackBANK1  000000
__HcstackCOMRAM             cstackCOMRAM 000000
__Hdata                     data         000000
__HdataBANK0                dataBANK0    000000
__Heeprom_data              eeprom_data  000000
__Hfarbss                   farbss       000000
__Hfardata                  fardata      000000
__Hibigdata                 ibigdata     000000
__Hidata                    idata        000000
__HidataBANK0               idataBANK0   000000
__Hidloc                    idloc        200008
__Hifardata                 ifardata     000000
__Hinit                     init         000098
__Hintcode                  intcode      000094
__Hintcode_body             intcode_body 000000
__Hintcodelo                intcodelo    000094
__Hintentry                 intentry     000000
__Hintret                   intret       000000
__Hintsave_regs             intsave_regs 000000
__Hirdata                   irdata       000000
__Hmediumconst              mediumconst  000000
__HnvBANK0                  nvBANK0      000000
__HnvBANK1                  nvBANK1      000000
__HnvFARRAM                 nvFARRAM     000000
__Hnvbit                    nvbit        000000
__Hnvrram                   nvrram       000000
__Hparam                    rparam       000000
__Hpowerup                  powerup      000094
__Hram                      ram          000000
__Hramtop                   ramtop       000800
__Hrbit                     rbit         000000
__Hrbss                     rbss         000000
__Hrdata                    rdata        000000
__Hreset_vec                reset_vec    000004
__Hrparam                   rparam       000000
__Hsfr                      sfr          000000
__Hsmallconst               smallconst   000000
__Hspace_0                  (abs)        30000E
__Hspace_1                  (abs)        000231
__Hspace_2                  (abs)        000000
__Hstack                    stack        000000
__Hstruct                   struct       000000
__Htemp                     temp         000048
__Htext                     text         000000
__Htext0                    text0        000000
__Htext1                    text1        000000
__Htext10                   text10       000000
__Htext11                   text11       000000
__Htext12                   text12       000000
__Htext13                   text13       000000
__Htext14                   text14       000000
__Htext15                   text15       000000
__Htext16                   text16       000000
__Htext17                   text17       000000
__Htext18                   text18       000000
__Htext19                   text19       000000
__Htext2                    text2        000000
__Htext20                   text20       000000
__Htext21                   text21       000000
__Htext22                   text22       000000
__Htext23                   text23       000000
__Htext24                   text24       000000
__Htext25                   text25       000000
__Htext26                   text26       000000
__Htext27                   text27       000000
__Htext28                   text28       000000
__Htext29                   text29       000000
__Htext3                    text3        000000
__Htext30                   text30       000000
__Htext31                   text31       000000
__Htext32                   text32       000000
__Htext33                   text33       000000
__Htext34                   text34       000000
__Htext35                   text35       000000
__Htext36                   text36       000000
__Htext37                   text37       000000
__Htext38                   text38       000000
__Htext39                   text39       000000
__Htext4                    text4        000000
__Htext40                   text40       000000
__Htext41                   text41       000000
__Htext42                   text42       000000
__Htext43                   text43       000000
__Htext44                   text44       000000
__Htext45                   text45       000000
__Htext46                   text46       000000
__Htext47                   text47       000000
__Htext48                   text48       000000
__Htext49                   text49       000000
__Htext5                    text5        000000
__Htext50                   text50       000000
__Htext51                   text51       000000
__Htext52                   text52       000000
__Htext53                   text53       000000
__Htext54                   text54       000000
__Htext55                   text55       000000
__Htext56                   text56       000000
__Htext57                   text57       000000
__Htext58                   text58       000000
__Htext59                   text59       000000
__Htext6                    text6        000000
__Htext60                   text60       000000
__Htext61                   text61       000000
__Htext63                   text63       000000
__Htext64                   text64       000000
__Htext65                   text65       000000
__Htext66                   text66       000000
__Htext67                   text67       000000
__Htext68                   text68       000000
__Htext69                   text69       000000
__Htext7                    text7        000000
__Htext70                   text70       000000
__Htext71                   text71       000000
__Htext72                   text72       000000
__Htext73                   text73       000000
__Htext74                   text74       000000
__Htext75                   text75       000000
__Htext8                    text8        000000
__Htext9                    text9        000000
__LRAM                      (abs)        000001
__Labs1                     abs1         000000
__Lbank0                    bank0        000000
__Lbank1                    bank1        000000
__Lbank2                    bank2        000000
__Lbank3                    bank3        000000
__Lbank4                    bank4        000000
__Lbank5                    bank5        000000
__Lbank6                    bank6        000000
__Lbank7                    bank7        000000
__Lbigbss                   bigbss       000000
__Lbigdata                  bigdata      000000
__Lbigram                   bigram       000000
__LbitbssCOMRAM             bitbssCOMRAM 000000
__Lbss                      bss          000000
__LbssBANK0                 bssBANK0     000000
__LbssBANK1                 bssBANK1     000000
__LbssCOMRAM                bssCOMRAM    000000
__Lcinit                    cinit        000000
__Lclrtext                  clrtext      000000
__Lcomram                   comram       000000
__Lconfig                   config       300000
__Lconst                    const        000000
__LcstackBANK0              cstackBANK0  000000
__LcstackBANK1              cstackBANK1  000000
__LcstackCOMRAM             cstackCOMRAM 000000
__Ldata                     data         000000
__LdataBANK0                dataBANK0    000000
__Leeprom_data              eeprom_data  000000
__Lfarbss                   farbss       000000
__Lfardata                  fardata      000000
__Libigdata                 ibigdata     000000
__Lidata                    idata        000000
__LidataBANK0               idataBANK0   000000
__Lidloc                    idloc        200000
__Lifardata                 ifardata     000000
__Linit                     init         000094
__Lintcode                  intcode      000008
__Lintcode_body             intcode_body 000000
__Lintcodelo                intcodelo    000094
__Lintentry                 intentry     000000
__Lintret                   intret       000000
__Lintsave_regs             intsave_regs 000000
__Lirdata                   irdata       000000
__Lmediumconst              mediumconst  000000
__LnvBANK0                  nvBANK0      000000
__LnvBANK1                  nvBANK1      000000
__LnvFARRAM                 nvFARRAM     000000
__Lnvbit                    nvbit        000000
__Lnvrram                   nvrram       000000
__Lparam                    rparam       000000
__Lpowerup                  powerup      000094
__Lram                      ram          000000
__Lramtop                   ramtop       000800
__Lrbit                     rbit         000000
__Lrbss                     rbss         000000
__Lrdata                    rdata        000000
__Lreset_vec                reset_vec    000000
__Lrparam                   rparam       000000
__Lsfr                      sfr          000000
__Lsmallconst               smallconst   000000
__Lspace_0                  (abs)        000000
__Lspace_1                  (abs)        000000
__Lspace_2                  (abs)        000000
__Lstack                    stack        000000
__Lstruct                   struct       000000
__Ltemp                     temp         000047
__Ltext                     text         000000
__Ltext0                    text0        000000
__Ltext1                    text1        000000
__Ltext10                   text10       000000
__Ltext11                   text11       000000
__Ltext12                   text12       000000
__Ltext13                   text13       000000
__Ltext14                   text14       000000
__Ltext15                   text15       000000
__Ltext16                   text16       000000
__Ltext17                   text17       000000
__Ltext18                   text18       000000
__Ltext19                   text19       000000
__Ltext2                    text2        000000
__Ltext20                   text20       000000
__Ltext21                   text21       000000
__Ltext22                   text22       000000
__Ltext23                   text23       000000
__Ltext24                   text24       000000
__Ltext25                   text25       000000
__Ltext26                   text26       000000
__Ltext27                   text27       000000
__Ltext28                   text28       000000
__Ltext29                   text29       000000
__Ltext3                    text3        000000
__Ltext30                   text30       000000
__Ltext31                   text31       000000
__Ltext32                   text32       000000
__Ltext33                   text33       000000
__Ltext34                   text34       000000
__Ltext35                   text35       000000
__Ltext36                   text36       000000
__Ltext37                   text37       000000
__Ltext38                   text38       000000
__Ltext39                   text39       000000
__Ltext4                    text4        000000
__Ltext40                   text40       000000
__Ltext41                   text41       000000
__Ltext42                   text42       000000
__Ltext43                   text43       000000
__Ltext44                   text44       000000
__Ltext45                   text45       000000
__Ltext46                   text46       000000
__Ltext47                   text47       000000
__Ltext48                   text48       000000
__Ltext49                   text49       000000
__Ltext5                    text5        000000
__Ltext50                   text50       000000
__Ltext51                   text51       000000
__Ltext52                   text52       000000
__Ltext53                   text53       000000
__Ltext54                   text54       000000
__Ltext55                   text55       000000
__Ltext56                   text56       000000
__Ltext57                   text57       000000
__Ltext58                   text58       000000
__Ltext59                   text59       000000
__Ltext6                    text6        000000
__Ltext60                   text60       000000
__Ltext61                   text61       000000
__Ltext63                   text63       000000
__Ltext64                   text64       000000
__Ltext65                   text65       000000
__Ltext66                   text66       000000
__Ltext67                   text67       000000
__Ltext68                   text68       000000
__Ltext69                   text69       000000
__Ltext7                    text7        000000
__Ltext70                   text70       000000
__Ltext71                   text71       000000
__Ltext72                   text72       000000
__Ltext73                   text73       000000
__Ltext74                   text74       000000
__Ltext75                   text75       000000
__Ltext8                    text8        000000
__Ltext9                    text9        000000
__MrEsc                     text45       0024C6
__MrEsc@MrNReg              cstackBANK1  00017D
__MrEsc@MrReg1              cstackBANK1  00017F
__MrLee                     text36       00249C
__MrLee@MrNReg              cstackBANK1  00017D
__MrLee@MrReg1              cstackBANK1  00017F
__MrPreparaFecha            text44       001D32
__MrPreparaFecha@Ind        cstackCOMRAM 000023
__MrPreparaPor              text43       002344
__MrPreparaPor@Ind          cstackCOMRAM 000019
__MrSgte                    text42       0025DA
__MrSgte@MrDirX             cstackCOMRAM 000019
__S0                        (abs)        30000E
__S1                        (abs)        000193
__S2                        (abs)        000000
___aldiv                    text15       00147C
___aldiv@counter            cstackBANK0  0000F5
___aldiv@dividend           cstackCOMRAM 000025
___aldiv@divisor            cstackCOMRAM 000029
___aldiv@quotient           cstackBANK0  0000F7
___aldiv@sign               cstackBANK0  0000F6
___awdiv                    text29       001A70
___awdiv@counter            cstackCOMRAM 00001D
___awdiv@dividend           cstackCOMRAM 000019
___awdiv@divisor            cstackCOMRAM 00001B
___awdiv@quotient           cstackCOMRAM 00001F
___awdiv@sign               cstackCOMRAM 00001E
___awmod                    text28       001BEE
___awmod@counter            cstackCOMRAM 00001D
___awmod@dividend           cstackCOMRAM 000019
___awmod@divisor            cstackCOMRAM 00001B
___awmod@sign               cstackCOMRAM 00001E
___inthi_sp                 stack        000000
___intlo_sp                 stack        000000
___lmul                     text14       001F6E
___lmul@multiplicand        cstackCOMRAM 00001D
___lmul@multiplier          cstackCOMRAM 000019
___lmul@product             cstackCOMRAM 000021
___lwdiv                    text48       002018
___lwdiv@counter            cstackCOMRAM 00001D
___lwdiv@dividend           cstackCOMRAM 000019
___lwdiv@divisor            cstackCOMRAM 00001B
___lwdiv@quotient           cstackCOMRAM 00001E
___lwmod                    text47       002194
___lwmod@counter            cstackCOMRAM 00001D
___lwmod@dividend           cstackCOMRAM 000019
___lwmod@divisor            cstackCOMRAM 00001B
___param_bank               (abs)        000000
___rparam_used              (abs)        000001
___sp                       stack        000000
__accesstop                 (abs)        000060
__activetblptr              (abs)        000002
__end_of_ADC_Init           text7        00265E
__end_of_ADC_Lee            text66       00210A
__end_of_Bcd2Hex            text57       002632
__end_of_Delay_ms           text21       0023DE
__end_of_EscRAM             text60       0025DA
__end_of_Hex2Bcd            text27       002344
__end_of_I2CEscByte         text56       001A70
__end_of_I2CInit            text6        002648
__end_of_I2CLeeByte         text55       001BEE
__end_of_I2CSendAck         text54       0022D0
__end_of_I2CSendNAck        text53       0023AC
__end_of_I2CStart           text52       002410
__end_of_I2CStop            text51       002540
__end_of_IntDelay_ms        text75       002442
__end_of_IntLedParpadea     text74       001F16
__end_of_Interr             intcode      000094
__end_of_LedAmarilloInit    text22       0026A8
__end_of_LedAmarilloInterr  text73       002256
__end_of_LedParpadea        text20       001EBA
__end_of_LeeRAM             text59       002568
__end_of_MIOAdcAjuste2_5    text13       00096E
__end_of_MIOAdcLeido2Act    text16       0025B4
__end_of_MIOInit            text5        00147C
__end_of_MioCiclo           text10       000B10
__end_of_MioInterr          text65       0020BC
__end_of_MioPreparaReg      text12       00186C
__end_of_MrAgregaReg        text41       000DF2
__end_of_MrAnt              text40       002688
__end_of_MrFormat           text38       00191E
__end_of_MrInicializa       text39       001D32
__end_of_MrInit             text34       000F3A
__end_of_MrLeeReg           text35       002618
__end_of_MrSeparaFecha      text58       001294
__end_of_MrSgte             text33       002674
__end_of_MrUlt              text32       0026C0
__end_of_MseEsc             text49       001190
__end_of_MseLee             text37       000C8E
__end_of_MstCiclo           text23       00269A
__end_of_MstInit            text17       002150
__end_of_MstInterr          text67       0026E0
__end_of_MstMain            text1        002194
__end_of_MstRsComando       text24       001072
__end_of_Ppal_Ciclo         text8        00258E
__end_of_Ppal_Init          text2        001CC8
__end_of_Ppal_Interr        text63       0026B6
__end_of_Ppal_RsComando     text25       0007BA
__end_of_PsInit             text19       002470
__end_of_PsRxInterrupt      text71       00138C
__end_of_PsRxRecibeCar      text72       0026E8
__end_of_PsTxEnviaCar       text70       0026DA
__end_of_PsTxInterrupt      text69       0019D0
__end_of_RsCheckSum         text31       001E5E
__end_of_RsInit             text18       00230A
__end_of_RsInterr           text68       0026CA
__end_of_RsTxEnviaMsg       text30       001F6E
__end_of_RtcEsc             text26       0017B6
__end_of_RtcInit            text4        002294
__end_of_RtcLee             text50       001636
__end_of_Tpo_Ciclo          text9        0016F8
__end_of_Tpo_init           text3        001DFE
__end_of_Tpo_interr         text64       00249C
__end_of__CalculaRegPos     text46       001B72
__end_of__MrEsc             text45       0024F0
__end_of__MrLee             text36       0024C6
__end_of__MrPreparaFecha    text44       001D9C
__end_of__MrPreparaPor      text43       002378
__end_of__MrSgte            text42       0025FE
__end_of___aldiv            text15       001560
__end_of___awdiv            text29       001AF4
__end_of___awmod            text28       001C5E
__end_of___lmul             text14       001FC4
__end_of___lwdiv            text48       00206A
__end_of___lwmod            text47       0021D6
__end_of__initialization    cinit        00200A
__end_of_abs                text11       002518
__end_of_main               text0        0026D2
__end_of_memcpy             text61       002216
__initialization            cinit        001FC4
__mediumconst               mediumconst  000000
__pbitbssCOMRAM             bitbssCOMRAM 000230
__pbssBANK0                 bssBANK0     000060
__pbssBANK1                 bssBANK1     000100
__pbssCOMRAM                bssCOMRAM    00002F
__pcinit                    cinit        001FC4
__pcstackBANK0              cstackBANK0  0000F5
__pcstackBANK1              cstackBANK1  000179
__pcstackCOMRAM             cstackCOMRAM 000001
__pdataBANK0                dataBANK0    0000FB
__pidataBANK0               idataBANK0   0026E0
__pintcode                  intcode      000008
__pnvBANK0                  nvBANK0      0000FF
__pnvBANK1                  nvBANK1      000191
__ptext0                    text0        0026CA
__ptext1                    text1        002150
__ptext10                   text10       00096E
__ptext11                   text11       0024F0
__ptext12                   text12       0017B6
__ptext13                   text13       0007BA
__ptext14                   text14       001F6E
__ptext15                   text15       00147C
__ptext16                   text16       00258E
__ptext17                   text17       00210A
__ptext18                   text18       0022D0
__ptext19                   text19       002442
__ptext2                    text2        001C5E
__ptext20                   text20       001E5E
__ptext21                   text21       0023AC
__ptext22                   text22       00269A
__ptext23                   text23       002688
__ptext24                   text24       000F3A
__ptext25                   text25       000098
__ptext26                   text26       0016F8
__ptext27                   text27       00230A
__ptext28                   text28       001BEE
__ptext29                   text29       001A70
__ptext3                    text3        001D9C
__ptext30                   text30       001F16
__ptext31                   text31       001DFE
__ptext32                   text32       0026B6
__ptext33                   text33       00265E
__ptext34                   text34       000DF2
__ptext35                   text35       0025FE
__ptext36                   text36       00249C
__ptext37                   text37       000B10
__ptext38                   text38       00186C
__ptext39                   text39       001CC8
__ptext4                    text4        002256
__ptext40                   text40       002674
__ptext41                   text41       000C8E
__ptext42                   text42       0025DA
__ptext43                   text43       002344
__ptext44                   text44       001D32
__ptext45                   text45       0024C6
__ptext46                   text46       001AF4
__ptext47                   text47       002194
__ptext48                   text48       002018
__ptext49                   text49       001072
__ptext5                    text5        00138C
__ptext50                   text50       001560
__ptext51                   text51       002518
__ptext52                   text52       0023DE
__ptext53                   text53       002378
__ptext54                   text54       002294
__ptext55                   text55       001B72
__ptext56                   text56       0019D0
__ptext57                   text57       002618
__ptext58                   text58       001190
__ptext59                   text59       002540
__ptext6                    text6        002632
__ptext60                   text60       0025B4
__ptext61                   text61       0021D6
__ptext63                   text63       0026A8
__ptext64                   text64       002470
__ptext65                   text65       00206A
__ptext66                   text66       0020BC
__ptext67                   text67       0026DA
__ptext68                   text68       0026C0
__ptext69                   text69       00191E
__ptext7                    text7        002648
__ptext70                   text70       0026D2
__ptext71                   text71       001294
__ptext72                   text72       0026E4
__ptext73                   text73       002216
__ptext74                   text74       001EBA
__ptext75                   text75       002410
__ptext8                    text8        002568
__ptext9                    text9        001636
__ramtop                    ramtop       000800
__size_of_ADC_Init          (abs)        000000
__size_of_ADC_Lee           (abs)        000000
__size_of_Bcd2Hex           (abs)        000000
__size_of_Delay_ms          (abs)        000000
__size_of_EscRAM            (abs)        000000
__size_of_Hex2Bcd           (abs)        000000
__size_of_I2CEscByte        (abs)        000000
__size_of_I2CInit           (abs)        000000
__size_of_I2CLeeByte        (abs)        000000
__size_of_I2CSendAck        (abs)        000000
__size_of_I2CSendNAck       (abs)        000000
__size_of_I2CStart          (abs)        000000
__size_of_I2CStop           (abs)        000000
__size_of_IntDelay_ms       (abs)        000000
__size_of_IntLedParpadea    (abs)        000000
__size_of_Interr            (abs)        000000
__size_of_LedAmarilloInit   (abs)        000000
__size_of_LedAmarilloInterr (abs)        000000
__size_of_LedParpadea       (abs)        000000
__size_of_LeeRAM            (abs)        000000
__size_of_MIOAdcAjuste2_5   (abs)        000000
__size_of_MIOAdcLeido2Act   (abs)        000000
__size_of_MIOInit           (abs)        000000
__size_of_MioCiclo          (abs)        000000
__size_of_MioInterr         (abs)        000000
__size_of_MioPreparaReg     (abs)        000000
__size_of_MrAgregaReg       (abs)        000000
__size_of_MrAnt             (abs)        000000
__size_of_MrFormat          (abs)        000000
__size_of_MrInicializa      (abs)        000000
__size_of_MrInit            (abs)        000000
__size_of_MrLeeReg          (abs)        000000
__size_of_MrSeparaFecha     (abs)        000000
__size_of_MrSgte            (abs)        000000
__size_of_MrUlt             (abs)        000000
__size_of_MseEsc            (abs)        000000
__size_of_MseLee            (abs)        000000
__size_of_MstCiclo          (abs)        000000
__size_of_MstInit           (abs)        000000
__size_of_MstInterr         (abs)        000000
__size_of_MstMain           (abs)        000000
__size_of_MstRsComando      (abs)        000000
__size_of_Ppal_Ciclo        (abs)        000000
__size_of_Ppal_Init         (abs)        000000
__size_of_Ppal_Interr       (abs)        000000
__size_of_Ppal_RsComando    (abs)        000000
__size_of_PsInit            (abs)        000000
__size_of_PsRxInterrupt     (abs)        000000
__size_of_PsRxRecibeCar     (abs)        000000
__size_of_PsTxEnviaCar      (abs)        000000
__size_of_PsTxInterrupt     (abs)        000000
__size_of_RsCheckSum        (abs)        000000
__size_of_RsInit            (abs)        000000
__size_of_RsInterr          (abs)        000000
__size_of_RsTxEnviaMsg      (abs)        000000
__size_of_RtcEsc            (abs)        000000
__size_of_RtcInit           (abs)        000000
__size_of_RtcLee            (abs)        000000
__size_of_Tpo_Ciclo         (abs)        000000
__size_of_Tpo_init          (abs)        000000
__size_of_Tpo_interr        (abs)        000000
__size_of__CalculaRegPos    (abs)        000000
__size_of__MrEsc            (abs)        000000
__size_of__MrLee            (abs)        000000
__size_of__MrPreparaFecha   (abs)        000000
__size_of__MrPreparaPor     (abs)        000000
__size_of__MrSgte           (abs)        000000
__size_of___aldiv           (abs)        000000
__size_of___awdiv           (abs)        000000
__size_of___awmod           (abs)        000000
__size_of___lmul            (abs)        000000
__size_of___lwdiv           (abs)        000000
__size_of___lwmod           (abs)        000000
__size_of_abs               (abs)        000000
__size_of_main              (abs)        000000
__size_of_memcpy            (abs)        000000
__smallconst                smallconst   000000
_abs                        text11       0024F0
_main                       text0        0026CA
_memcpy                     text61       0021D6
abs@a                       cstackCOMRAM 000019
btemp                       temp         000047
end_of_initialization       cinit        00200A
int$flags                   temp         000047
intlevel0                   text         000000
intlevel1                   text         000000
intlevel2                   text         000000
intlevel3                   text         000000
memcpy@d                    cstackCOMRAM 00001F
memcpy@d1                   cstackCOMRAM 000019
memcpy@n                    cstackCOMRAM 00001D
memcpy@s                    cstackCOMRAM 000021
memcpy@s1                   cstackCOMRAM 00001B
stackhi                     (abs)        0007FF
stacklo                     (abs)        000193
start                       init         000094
start_initialization        cinit        001FC4


FUNCTION INFORMATION:

 *************** function _main *****************
 Defined at:
		line 391 in file "ModIO24.c"
 Parameters:    Size  Location     Type
  argc            2   19[BANK1 ] int 
  argv            3   21[BANK1 ] PTR PTR unsigned char 
 Auto vars:     Size  Location     Type
		None
 Return value:  Size  Location     Type
                  2   19[BANK1 ] int 
 Registers used:
		wreg, fsr1l, fsr1h, fsr2l, fsr2h, status,2, status,0, prodl, prodh, cstack
 Tracked objects:
		On entry : 
		On exit  : 
		Unchanged: 
 Data sizes:     COMRAM   BANK0   BANK1   BANK2   BANK3   BANK4   BANK5   BANK6   BANK7
      Params:         0       0       5       0       0       0       0       0       0
      Locals:         0       0       0       0       0       0       0       0       0
      Temps:          0       0       0       0       0       0       0       0       0
      Totals:         0       0       5       0       0       0       0       0       0
Total ram usage:        5 bytes
 Hardware stack levels required when called:   14
 This function calls:
		_MstMain
 This function is called by:
		Startup code after reset
 This function uses a non-reentrant model


 *************** function _MstMain *****************
 Defined at:
		line 78 in file "Maestro21.c"
 Parameters:    Size  Location     Type
		None
 Auto vars:     Size  Location     Type
		None
 Return value:  Size  Location     Type
                  2  294[None  ] int 
 Registers used:
		wreg, fsr1l, fsr1h, fsr2l, fsr2h, status,2, status,0, prodl, prodh, cstack
 Tracked objects:
		On entry : 
		On exit  : 
		Unchanged: 
 Data sizes:     COMRAM   BANK0   BANK1   BANK2   BANK3   BANK4   BANK5   BANK6   BANK7
      Params:         0       0       0       0       0       0       0       0       0
      Locals:         0       0       0       0       0       0       0       0       0
      Temps:          0       0       0       0       0       0       0       0       0
      Totals:         0       0       0       0       0       0       0       0       0
Total ram usage:        0 bytes
 Hardware stack levels used:    1
 Hardware stack levels required when called:   13
 This function calls:
		_MstCiclo
		_MstInit
		_Ppal_Ciclo
		_Ppal_Init
 This function is called by:
		_main
 This function uses a non-reentrant model


 *************** function _Ppal_Init *****************
 Defined at:
		line 103 in file "ModIO24.c"
 Parameters:    Size  Location     Type
		None
 Auto vars:     Size  Location     Type
		None
 Return value:  Size  Location     Type
                  1    wreg      void 
 Registers used:
		wreg, fsr1l, fsr1h, fsr2l, fsr2h, status,2, status,0, prodl, prodh, cstack
 Tracked objects:
		On entry : 
		On exit  : 
		Unchanged: 
 Data sizes:     COMRAM   BANK0   BANK1   BANK2   BANK3   BANK4   BANK5   BANK6   BANK7
      Params:         0       0       0       0       0       0       0       0       0
      Locals:         0       0       0       0       0       0       0       0       0
      Temps:          0       0       0       0       0       0       0       0       0
      Totals:         0       0       0       0       0       0       0       0       0
Total ram usage:        0 bytes
 Hardware stack levels used:    1
 Hardware stack levels required when called:   10
 This function calls:
		_ADC_Init
		_Delay_ms
		_I2CInit
		_MIOInit
		_MrInicializa
		_MrInit
		_RsTxEnviaMsg
		_RtcInit
		_Tpo_init
 This function is called by:
		_MstMain
 This function uses a non-reentrant model


 *************** function _Tpo_init *****************
 Defined at:
		line 14 in file "RutinaTpo20.c"
 Parameters:    Size  Location     Type
		None
 Auto vars:     Size  Location     Type
		None
 Return value:  Size  Location     Type
                  1    wreg      void 
 Registers used:
		wreg, status,2, status,0, prodl, prodh, cstack
 Tracked objects:
		On entry : 
		On exit  : 
		Unchanged: 
 Data sizes:     COMRAM   BANK0   BANK1   BANK2   BANK3   BANK4   BANK5   BANK6   BANK7
      Params:         0       0       0       0       0       0       0       0       0
      Locals:         0       0       0       0       0       0       0       0       0
      Temps:          0       0       0       0       0       0       0       0       0
      Totals:         0       0       0       0       0       0       0       0       0
Total ram usage:        0 bytes
 Hardware stack levels used:    1
 Hardware stack levels required when called:    7
 This function calls:
		_RtcLee
 This function is called by:
		_Ppal_Init
 This function uses a non-reentrant model


 *************** function _RtcInit *****************
 Defined at:
		line 25 in file "RTC21.c"
 Parameters:    Size  Location     Type
		None
 Auto vars:     Size  Location     Type
		None
 Return value:  Size  Location     Type
                  1    wreg      void 
 Registers used:
		wreg, status,2, status,0, prodl, prodh, cstack
 Tracked objects:
		On entry : 
		On exit  : 
		Unchanged: 
 Data sizes:     COMRAM   BANK0   BANK1   BANK2   BANK3   BANK4   BANK5   BANK6   BANK7
      Params:         0       0       0       0       0       0       0       0       0
      Locals:         0       0       0       0       0       0       0       0       0
      Temps:          0       0       0       0       0       0       0       0       0
      Totals:         0       0       0       0       0       0       0       0       0
Total ram usage:        0 bytes
 Hardware stack levels used:    1
 Hardware stack levels required when called:    8
 This function calls:
		_RtcEsc
		_RtcLee
 This function is called by:
		_Ppal_Init
 This function uses a non-reentrant model


 *************** function _MIOInit *****************
 Defined at:
		line 34 in file "RutinaModIO15.c"
 Parameters:    Size  Location     Type
		None
 Auto vars:     Size  Location     Type
		None
 Return value:  Size  Location     Type
                  1    wreg      void 
 Registers used:
		wreg, status,2
 Tracked objects:
		On entry : 
		On exit  : 
		Unchanged: 
 Data sizes:     COMRAM   BANK0   BANK1   BANK2   BANK3   BANK4   BANK5   BANK6   BANK7
      Params:         0       0       0       0       0       0       0       0       0
      Locals:         0       0       0       0       0       0       0       0       0
      Temps:          0       0       0       0       0       0       0       0       0
      Totals:         0       0       0       0       0       0       0       0       0
Total ram usage:        0 bytes
 Hardware stack levels used:    1
 Hardware stack levels required when called:    5
 This function calls:
		Nothing
 This function is called by:
		_Ppal_Init
 This function uses a non-reentrant model


 *************** function _I2CInit *****************
 Defined at:
		line 28 in file "I2C30.c"
 Parameters:    Size  Location     Type
		None
 Auto vars:     Size  Location     Type
		None
 Return value:  Size  Location     Type
                  1    wreg      void 
 Registers used:
		wreg, status,2
 Tracked objects:
		On entry : 
		On exit  : 
		Unchanged: 
 Data sizes:     COMRAM   BANK0   BANK1   BANK2   BANK3   BANK4   BANK5   BANK6   BANK7
      Params:         0       0       0       0       0       0       0       0       0
      Locals:         0       0       0       0       0       0       0       0       0
      Temps:          0       0       0       0       0       0       0       0       0
      Totals:         0       0       0       0       0       0       0       0       0
Total ram usage:        0 bytes
 Hardware stack levels used:    1
 Hardware stack levels required when called:    5
 This function calls:
		Nothing
 This function is called by:
		_Ppal_Init
 This function uses a non-reentrant model


 *************** function _ADC_Init *****************
 Defined at:
		line 5 in file "ADC30.c"
 Parameters:    Size  Location     Type
		None
 Auto vars:     Size  Location     Type
		None
 Return value:  Size  Location     Type
                  1    wreg      void 
 Registers used:
		wreg, status,2
 Tracked objects:
		On entry : 
		On exit  : 
		Unchanged: 
 Data sizes:     COMRAM   BANK0   BANK1   BANK2   BANK3   BANK4   BANK5   BANK6   BANK7
      Params:         0       0       0       0       0       0       0       0       0
      Locals:         0       0       0       0       0       0       0       0       0
      Temps:          0       0       0       0       0       0       0       0       0
      Totals:         0       0       0       0       0       0       0       0       0
Total ram usage:        0 bytes
 Hardware stack levels used:    1
 Hardware stack levels required when called:    5
 This function calls:
		Nothing
 This function is called by:
		_Ppal_Init
 This function uses a non-reentrant model


 *************** function _Ppal_Ciclo *****************
 Defined at:
		line 150 in file "ModIO24.c"
 Parameters:    Size  Location     Type
		None
 Auto vars:     Size  Location     Type
		None
 Return value:  Size  Location     Type
                  1    wreg      void 
 Registers used:
		wreg, fsr1l, fsr1h, fsr2l, fsr2h, status,2, status,0, prodl, prodh, cstack
 Tracked objects:
		On entry : 
		On exit  : 
		Unchanged: 
 Data sizes:     COMRAM   BANK0   BANK1   BANK2   BANK3   BANK4   BANK5   BANK6   BANK7
      Params:         0       0       0       0       0       0       0       0       0
      Locals:         0       0       0       0       0       0       0       0       0
      Temps:          0       0       0       0       0       0       0       0       0
      Totals:         0       0       0       0       0       0       0       0       0
Total ram usage:        0 bytes
 Hardware stack levels used:    1
 Hardware stack levels required when called:   10
 This function calls:
		_MioCiclo
		_Tpo_Ciclo
 This function is called by:
		_MstMain
 This function uses a non-reentrant model


 *************** function _Tpo_Ciclo *****************
 Defined at:
		line 40 in file "RutinaTpo20.c"
 Parameters:    Size  Location     Type
		None
 Auto vars:     Size  Location     Type
		None
 Return value:  Size  Location     Type
                  1    wreg      void 
 Registers used:
		wreg, status,2, status,0, prodl, prodh, cstack
 Tracked objects:
		On entry : 
		On exit  : 
		Unchanged: 
 Data sizes:     COMRAM   BANK0   BANK1   BANK2   BANK3   BANK4   BANK5   BANK6   BANK7
      Params:         0       0       0       0       0       0       0       0       0
      Locals:         0       0       0       0       0       0       0       0       0
      Temps:          2       0       0       0       0       0       0       0       0
      Totals:         2       0       0       0       0       0       0       0       0
Total ram usage:        2 bytes
 Hardware stack levels used:    1
 Hardware stack levels required when called:    7
 This function calls:
		_RtcLee
 This function is called by:
		_Ppal_Ciclo
 This function uses a non-reentrant model


 *************** function _MioCiclo *****************
 Defined at:
		line 233 in file "RutinaModIO15.c"
 Parameters:    Size  Location     Type
		None
 Auto vars:     Size  Location     Type
  temp2           2    0        int 
 Return value:  Size  Location     Type
                  1    wreg      void 
 Registers used:
		wreg, fsr1l, fsr1h, fsr2l, fsr2h, status,2, status,0, prodl, prodh, cstack
 Tracked objects:
		On entry : 
		On exit  : 
		Unchanged: 
 Data sizes:     COMRAM   BANK0   BANK1   BANK2   BANK3   BANK4   BANK5   BANK6   BANK7
      Params:         0       0       0       0       0       0       0       0       0
      Locals:         0       0       0       0       0       0       0       0       0
      Temps:          0       0       3       0       0       0       0       0       0
      Totals:         0       0       3       0       0       0       0       0       0
Total ram usage:        3 bytes
 Hardware stack levels used:    1
 Hardware stack levels required when called:    9
 This function calls:
		_MIOAdcAjuste2_5
		_MioPreparaReg
		_MrAgregaReg
		_abs
 This function is called by:
		_Ppal_Ciclo
 This function uses a non-reentrant model


 *************** function _abs *****************
 Defined at:
		line 4 in file "C:\Program Files (x86)\Microchip\xc8\v1.41\sources\common\abs.c"
 Parameters:    Size  Location     Type
  a               2   24[COMRAM] int 
 Auto vars:     Size  Location     Type
		None
 Return value:  Size  Location     Type
                  2   24[COMRAM] int 
 Registers used:
		wreg, status,2, status,0
 Tracked objects:
		On entry : 
		On exit  : 
		Unchanged: 
 Data sizes:     COMRAM   BANK0   BANK1   BANK2   BANK3   BANK4   BANK5   BANK6   BANK7
      Params:         2       0       0       0       0       0       0       0       0
      Locals:         0       0       0       0       0       0       0       0       0
      Temps:          2       0       0       0       0       0       0       0       0
      Totals:         4       0       0       0       0       0       0       0       0
Total ram usage:        4 bytes
 Hardware stack levels used:    1
 Hardware stack levels required when called:    5
 This function calls:
		Nothing
 This function is called by:
		_MioCiclo
 This function uses a non-reentrant model


 *************** function _MioPreparaReg *****************
 Defined at:
		line 163 in file "RutinaModIO15.c"
 Parameters:    Size  Location     Type
		None
 Auto vars:     Size  Location     Type
		None
 Return value:  Size  Location     Type
                  1    wreg      void 
 Registers used:
		wreg, fsr2l, fsr2h, status,2, status,0
 Tracked objects:
		On entry : 
		On exit  : 
		Unchanged: 
 Data sizes:     COMRAM   BANK0   BANK1   BANK2   BANK3   BANK4   BANK5   BANK6   BANK7
      Params:         0       0       0       0       0       0       0       0       0
      Locals:         0       0       0       0       0       0       0       0       0
      Temps:          3       0       0       0       0       0       0       0       0
      Totals:         3       0       0       0       0       0       0       0       0
Total ram usage:        3 bytes
 Hardware stack levels used:    1
 Hardware stack levels required when called:    5
 This function calls:
		Nothing
 This function is called by:
		_MioCiclo
 This function uses a non-reentrant model


 *************** function _MIOAdcAjuste2_5 *****************
 Defined at:
		line 123 in file "RutinaModIO15.c"
 Parameters:    Size  Location     Type
		None
 Auto vars:     Size  Location     Type
  k1              4    0[BANK1 ] long 
 Return value:  Size  Location     Type
                  1    wreg      void 
 Registers used:
		wreg, fsr2l, fsr2h, status,2, status,0, cstack
 Tracked objects:
		On entry : 
		On exit  : 
		Unchanged: 
 Data sizes:     COMRAM   BANK0   BANK1   BANK2   BANK3   BANK4   BANK5   BANK6   BANK7
      Params:         0       0       0       0       0       0       0       0       0
      Locals:         0       0       4       0       0       0       0       0       0
      Temps:          0       0       0       0       0       0       0       0       0
      Totals:         0       0       4       0       0       0       0       0       0
Total ram usage:        4 bytes
 Hardware stack levels used:    1
 Hardware stack levels required when called:    6
 This function calls:
		_MIOAdcLeido2Act
		___aldiv
		___lmul
 This function is called by:
		_MioCiclo
 This function uses a non-reentrant model


 *************** function ___lmul *****************
 Defined at:
		line 15 in file "C:\Program Files (x86)\Microchip\xc8\v1.41\sources\common\Umul32.c"
 Parameters:    Size  Location     Type
  multiplier      4   24[COMRAM] unsigned long 
  multiplicand    4   28[COMRAM] unsigned long 
 Auto vars:     Size  Location     Type
  product         4   32[COMRAM] unsigned long 
 Return value:  Size  Location     Type
                  4   24[COMRAM] unsigned long 
 Registers used:
		wreg, status,2, status,0
 Tracked objects:
		On entry : 
		On exit  : 
		Unchanged: 
 Data sizes:     COMRAM   BANK0   BANK1   BANK2   BANK3   BANK4   BANK5   BANK6   BANK7
      Params:         8       0       0       0       0       0       0       0       0
      Locals:         4       0       0       0       0       0       0       0       0
      Temps:          0       0       0       0       0       0       0       0       0
      Totals:        12       0       0       0       0       0       0       0       0
Total ram usage:       12 bytes
 Hardware stack levels used:    1
 Hardware stack levels required when called:    5
 This function calls:
		Nothing
 This function is called by:
		_MIOAdcAjuste2_5
 This function uses a non-reentrant model


 *************** function ___aldiv *****************
 Defined at:
		line 8 in file "C:\Program Files (x86)\Microchip\xc8\v1.41\sources\common\aldiv.c"
 Parameters:    Size  Location     Type
  dividend        4   36[COMRAM] long 
  divisor         4   40[COMRAM] long 
 Auto vars:     Size  Location     Type
  quotient        4    2[BANK0 ] long 
  sign            1    1[BANK0 ] unsigned char 
  counter         1    0[BANK0 ] unsigned char 
 Return value:  Size  Location     Type
                  4   36[COMRAM] long 
 Registers used:
		wreg, status,2, status,0
 Tracked objects:
		On entry : 
		On exit  : 
		Unchanged: 
 Data sizes:     COMRAM   BANK0   BANK1   BANK2   BANK3   BANK4   BANK5   BANK6   BANK7
[...]
      Temps:         14       0       0       0       0       0       0       0       0
      Totals:        14       0       0       0       0       0       0       0       0
Total ram usage:       14 bytes
 Hardware stack levels used:    1
 Hardware stack levels required when called:    4
 This function calls:
		_MstInterr
		_Ppal_Interr
 This function is called by:
		Interrupt level 2
 This function uses a non-reentrant model


 *************** function _Ppal_Interr *****************
 Defined at:
		line 133 in file "ModIO24.c"
 Parameters:    Size  Location     Type
		None
 Auto vars:     Size  Location     Type
		None
 Return value:  Size  Location     Type
                  1    wreg      void 
 Registers used:
		wreg, status,2, status,0, cstack
 Tracked objects:
		On entry : 
		On exit  : 
		Unchanged: 
 Data sizes:     COMRAM   BANK0   BANK1   BANK2   BANK3   BANK4   BANK5   BANK6   BANK7
      Params:         0       0       0       0       0       0       0       0       0
      Locals:         0       0       0       0       0       0       0       0       0
      Temps:          0       0       0       0       0       0       0       0       0
      Totals:         0       0       0       0       0       0       0       0       0
Total ram usage:        0 bytes
 Hardware stack levels used:    1
 Hardware stack levels required when called:    2
 This function calls:
		_LedAmarilloInterr
		_MioInterr
		_Tpo_interr
 This function is called by:
		_Interr
 This function uses a non-reentrant model


 *************** function _Tpo_interr *****************
 Defined at:
		line 30 in file "RutinaTpo20.c"
 Parameters:    Size  Location     Type
		None
 Auto vars:     Size  Location     Type
		None
 Return value:  Size  Location     Type
                  1    wreg      void 
 Registers used:
		wreg, status,2, status,0
 Tracked objects:
		On entry : 
		On exit  : 
		Unchanged: 
 Data sizes:     COMRAM   BANK0   BANK1   BANK2   BANK3   BANK4   BANK5   BANK6   BANK7
      Params:         0       0       0       0       0       0       0       0       0
      Locals:         0       0       0       0       0       0       0       0       0
      Temps:          0       0       0       0       0       0       0       0       0
      Totals:         0       0       0       0       0       0       0       0       0
Total ram usage:        0 bytes
 Hardware stack levels used:    1
 This function calls:
		Nothing
 This function is called by:
		_Ppal_Interr
 This function uses a non-reentrant model


 *************** function _MioInterr *****************
 Defined at:
		line 84 in file "RutinaModIO15.c"
 Parameters:    Size  Location     Type
		None
 Auto vars:     Size  Location     Type
		None
 Return value:  Size  Location     Type
                  1    wreg      void 
 Registers used:
		wreg, status,2, status,0, cstack
 Tracked objects:
		On entry : 
		On exit  : 
		Unchanged: 
 Data sizes:     COMRAM   BANK0   BANK1   BANK2   BANK3   BANK4   BANK5   BANK6   BANK7
      Params:         0       0       0       0       0       0       0       0       0
      Locals:         0       0       0       0       0       0       0       0       0
      Temps:          0       0       0       0       0       0       0       0       0
      Totals:         0       0       0       0       0       0       0       0       0
Total ram usage:        0 bytes
 Hardware stack levels used:    1
 Hardware stack levels required when called:    1
 This function calls:
		_ADC_Lee
 This function is called by:
		_Ppal_Interr
 This function uses a non-reentrant model


 *************** function _ADC_Lee *****************
 Defined at:
		line 19 in file "ADC30.c"
 Parameters:    Size  Location     Type
  AdcCanal        2    0[COMRAM] short 
 Auto vars:     Size  Location     Type
  ind             2    4[COMRAM] short 
 Return value:  Size  Location     Type
                  2    0[COMRAM] int 
 Registers used:
		wreg, status,2, status,0
 Tracked objects:
		On entry : 
		On exit  : 
		Unchanged: 
 Data sizes:     COMRAM   BANK0   BANK1   BANK2   BANK3   BANK4   BANK5   BANK6   BANK7
      Params:         2       0       0       0       0       0       0       0       0
      Locals:         2       0       0       0       0       0       0       0       0
      Temps:          2       0       0       0       0       0       0       0       0
      Totals:         6       0       0       0       0       0       0       0       0
Total ram usage:        6 bytes
 Hardware stack levels used:    1
 This function calls:
		Nothing
 This function is called by:
		_MioInterr
 This function uses a non-reentrant model


 *************** function _MstInterr *****************
 Defined at:
		line 18 in file "Maestro21.c"
 Parameters:    Size  Location     Type
		None
 Auto vars:     Size  Location     Type
		None
 Return value:  Size  Location     Type
                  1    wreg      void 
 Registers used:
		wreg, fsr2l, fsr2h, status,2, status,0, cstack
 Tracked objects:
		On entry : 
		On exit  : 
		Unchanged: 
 Data sizes:     COMRAM   BANK0   BANK1   BANK2   BANK3   BANK4   BANK5   BANK6   BANK7
      Params:         0       0       0       0       0       0       0       0       0
      Locals:         0       0       0       0       0       0       0       0       0
      Temps:          0       0       0       0       0       0       0       0       0
      Totals:         0       0       0       0       0       0       0       0       0
Total ram usage:        0 bytes
 Hardware stack levels used:    1
 Hardware stack levels required when called:    3
 This function calls:
		_IntDelay_ms
		_IntLedParpadea
		_LedAmarilloInterr
		_RsInterr
 This function is called by:
		_Interr
 This function uses a non-reentrant model


 *************** function _RsInterr *****************
 Defined at:
		line 156 in file "RedSerie13.c"
 Parameters:    Size  Location     Type
		None
 Auto vars:     Size  Location     Type
		None
 Return value:  Size  Location     Type
                  1    wreg      void 
 Registers used:
		wreg, fsr2l, fsr2h, status,2, status,0, cstack
 Tracked objects:
		On entry : 
		On exit  : 
		Unchanged: 
 Data sizes:     COMRAM   BANK0   BANK1   BANK2   BANK3   BANK4   BANK5   BANK6   BANK7
      Params:         0       0       0       0       0       0       0       0       0
      Locals:         0       0       0       0       0       0       0       0       0
      Temps:          0       0       0       0       0       0       0       0       0
      Totals:         0       0       0       0       0       0       0       0       0
Total ram usage:        0 bytes
 Hardware stack levels used:    1
 Hardware stack levels required when called:    2
 This function calls:
		_PsRxInterrupt
		_PsTxInterrupt
 This function is called by:
		_MstInterr
 This function uses a non-reentrant model


 *************** function _PsTxInterrupt *****************
 Defined at:
		line 131 in file "RedSerie13.c"
 Parameters:    Size  Location     Type
		None
 Auto vars:     Size  Location     Type
		None
 Return value:  Size  Location     Type
                  1    wreg      void 
 Registers used:
		wreg, fsr2l, fsr2h, status,2, status,0, cstack
 Tracked objects:
		On entry : 
		On exit  : 
		Unchanged: 
 Data sizes:     COMRAM   BANK0   BANK1   BANK2   BANK3   BANK4   BANK5   BANK6   BANK7
      Params:         0       0       0       0       0       0       0       0       0
      Locals:         0       0       0       0       0       0       0       0       0
      Temps:          1       0       0       0       0       0       0       0       0
      Totals:         1       0       0       0       0       0       0       0       0
Total ram usage:        1 bytes
 Hardware stack levels used:    1
 Hardware stack levels required when called:    1
 This function calls:
		_PsTxEnviaCar
 This function is called by:
		_RsInterr
 This function uses a non-reentrant model


 *************** function _PsTxEnviaCar *****************
 Defined at:
		line 48 in file "RedSerie13.c"
 Parameters:    Size  Location     Type
  car             1    wreg     unsigned char 
 Auto vars:     Size  Location     Type
  car             1    0[COMRAM] unsigned char 
 Return value:  Size  Location     Type
                  1    wreg      void 
 Registers used:
		wreg
 Tracked objects:
		On entry : 
		On exit  : 
		Unchanged: 
 Data sizes:     COMRAM   BANK0   BANK1   BANK2   BANK3   BANK4   BANK5   BANK6   BANK7
      Params:         0       0       0       0       0       0       0       0       0
      Locals:         1       0       0       0       0       0       0       0       0
      Temps:          0       0       0       0       0       0       0       0       0
      Totals:         1       0       0       0       0       0       0       0       0
Total ram usage:        1 bytes
 Hardware stack levels used:    1
 This function calls:
		Nothing
 This function is called by:
		_PsTxInterrupt
 This function uses a non-reentrant model


 *************** function _PsRxInterrupt *****************
 Defined at:
		line 85 in file "RedSerie13.c"
 Parameters:    Size  Location     Type
		None
 Auto vars:     Size  Location     Type
		None
 Return value:  Size  Location     Type
                  1    wreg      void 
 Registers used:
		wreg, fsr2l, fsr2h, status,2, status,0, cstack
 Tracked objects:
		On entry : 
		On exit  : 
		Unchanged: 
 Data sizes:     COMRAM   BANK0   BANK1   BANK2   BANK3   BANK4   BANK5   BANK6   BANK7
      Params:         0       0       0       0       0       0       0       0       0
      Locals:         0       0       0       0       0       0       0       0       0
      Temps:          0       0       0       0       0       0       0       0       0
      Totals:         0       0       0       0       0       0       0       0       0
Total ram usage:        0 bytes
 Hardware stack levels used:    1
 Hardware stack levels required when called:    1
 This function calls:
		_PsRxRecibeCar
 This function is called by:
		_RsInterr
 This function uses a non-reentrant model


 *************** function _PsRxRecibeCar *****************
 Defined at:
		line 45 in file "RedSerie13.c"
 Parameters:    Size  Location     Type
		None
 Auto vars:     Size  Location     Type
		None
 Return value:  Size  Location     Type
                  1    wreg      unsigned char 
 Registers used:
		wreg, status,2
 Tracked objects:
		On entry : 
		On exit  : 
		Unchanged: 
 Data sizes:     COMRAM   BANK0   BANK1   BANK2   BANK3   BANK4   BANK5   BANK6   BANK7
      Params:         0       0       0       0       0       0       0       0       0
      Locals:         0       0       0       0       0       0       0       0       0
      Temps:          0       0       0       0       0       0       0       0       0
      Totals:         0       0       0       0       0       0       0       0       0
Total ram usage:        0 bytes
 Hardware stack levels used:    1
 This function calls:
		Nothing
 This function is called by:
		_PsRxInterrupt
 This function uses a non-reentrant model


 *************** function _LedAmarilloInterr *****************
 Defined at:
		line 25 in file "PruebaLed20.c"
 Parameters:    Size  Location     Type
		None
 Auto vars:     Size  Location     Type
		None
 Return value:  Size  Location     Type
                  1    wreg      void 
 Registers used:
		wreg, status,2, status,0
 Tracked objects:
		On entry : 
		On exit  : 
		Unchanged: 
 Data sizes:     COMRAM   BANK0   BANK1   BANK2   BANK3   BANK4   BANK5   BANK6   BANK7
      Params:         0       0       0       0       0       0       0       0       0
      Locals:         0       0       0       0       0       0       0       0       0
      Temps:          0       0       0       0       0       0       0       0       0
      Totals:         0       0       0       0       0       0       0       0       0
Total ram usage:        0 bytes
 Hardware stack levels used:    1
 This function calls:
		Nothing
 This function is called by:
		_MstInterr
		_Ppal_Interr
 This function uses a non-reentrant model


 *************** function _IntLedParpadea *****************
 Defined at:
		line 66 in file "PruebaLed20.c"
 Parameters:    Size  Location     Type
  Nveces          2    5[COMRAM] int 
 Auto vars:     Size  Location     Type
  I               2    8[COMRAM] int 
 Return value:  Size  Location     Type
                  1    wreg      void 
 Registers used:
		wreg, status,2, status,0, cstack
 Tracked objects:
		On entry : 
		On exit  : 
		Unchanged: 
 Data sizes:     COMRAM   BANK0   BANK1   BANK2   BANK3   BANK4   BANK5   BANK6   BANK7
      Params:         2       0       0       0       0       0       0       0       0
      Locals:         2       0       0       0       0       0       0       0       0
      Temps:          1       0       0       0       0       0       0       0       0
      Totals:         5       0       0       0       0       0       0       0       0
Total ram usage:        5 bytes
 Hardware stack levels used:    1
 Hardware stack levels required when called:    1
 This function calls:
		_IntDelay_ms
 This function is called by:
		_MstInterr
 This function uses a non-reentrant model


 *************** function _IntDelay_ms *****************
 Defined at:
		line 83 in file "PruebaLed20.c"
 Parameters:    Size  Location     Type
  delay           2    0[COMRAM] int 
 Auto vars:     Size  Location     Type
  I               2    3[COMRAM] int 
 Return value:  Size  Location     Type
                  1    wreg      void 
 Registers used:
		wreg, status,2, status,0
 Tracked objects:
		On entry : 
		On exit  : 
		Unchanged: 
 Data sizes:     COMRAM   BANK0   BANK1   BANK2   BANK3   BANK4   BANK5   BANK6   BANK7
      Params:         2       0       0       0       0       0       0       0       0
      Locals:         2       0       0       0       0       0       0       0       0
      Temps:          1       0       0       0       0       0       0       0       0
      Totals:         5       0       0       0       0       0       0       0       0
Total ram usage:        5 bytes
 Hardware stack levels used:    1
 This function calls:
		Nothing
 This function is called by:
		_IntLedParpadea
		_MstInterr
 This function uses a non-reentrant model



MODULE INFORMATION

Module		Function		Class		Link	Load	Size
C:\Program Files (x86)\Microchip\xc8\v1.41\sources\common\lwdiv.c
		___lwdiv       		CODE           	2018	0000	83

C:\Program Files (x86)\Microchip\xc8\v1.41\sources\common\lwdiv.c estimated size: 83

C:\Program Files (x86)\Microchip\xc8\v1.41\sources\common\awdiv.c
		___awdiv       		CODE           	1A70	0000	133

C:\Program Files (x86)\Microchip\xc8\v1.41\sources\common\awdiv.c estimated size: 133

C:\Program Files (x86)\Microchip\xc8\v1.41\sources\common\aldiv.c
		___aldiv       		CODE           	147C	0000	229

C:\Program Files (x86)\Microchip\xc8\v1.41\sources\common\aldiv.c estimated size: 229

C:\Program Files (x86)\Microchip\xc8\v1.41\sources\common\memcpy.c
		_memcpy        		CODE           	21D6	0000	65

C:\Program Files (x86)\Microchip\xc8\v1.41\sources\common\memcpy.c estimated size: 65

ADC30.c
		_ADC_Lee       		CODE           	20BC	0000	79
		_ADC_Init      		CODE           	2648	0000	23

ADC30.c estimated size: 102

I2C30.c
		_I2CStop       		CODE           	2518	0000	41
		_I2CStart      		CODE           	23DE	0000	51
		_I2CLeeByte    		CODE           	1B72	0000	125
		_I2CInit       		CODE           	2632	0000	23
		_I2CSendAck    		CODE           	2294	0000	61
		_I2CSendNAck   		CODE           	2378	0000	53
		_I2CEscByte    		CODE           	19D0	0000	161

I2C30.c estimated size: 515

MemoryRoller29.c
		__MrPreparaPor 		CODE           	2344	0000	53
		_MrUlt         		CODE           	26B6	0000	11
		_MrAgregaReg   		CODE           	0C8E	0000	357
		__MrLee        		CODE           	249C	0000	43
		_MrInicializa  		CODE           	1CC8	0000	107
		_MrLeeReg      		CODE           	25FE	0000	27
		__MrEsc        		CODE           	24C6	0000	43
		__MrPreparaFecha		CODE           	1D32	0000	107
		_MrSgte        		CODE           	265E	0000	23
		_MrAnt         		CODE           	2674	0000	21
		_MrFormat      		CODE           	186C	0000	179
		_MrSeparaFecha 		CODE           	1190	0000	261
		__CalculaRegPos		CODE           	1AF4	0000	127
		__MrSgte       		CODE           	25DA	0000	37
		_MrInit        		CODE           	0DF2	0000	329

MemoryRoller29.c estimated size: 1725

ModIO24.c
		_main          		CODE           	26CA	0000	9
		_Ppal_Ciclo    		CODE           	2568	0000	39
		_Interr        		CODE           	0008	0000	141
		_Ppal_RsComando		CODE           	0098	0000	1827
		_Ppal_Init     		CODE           	1C5E	0000	107
		_Ppal_Interr   		CODE           	26A8	0000	15

ModIO24.c estimated size: 2138

PruebaLed20.c
		_LedAmarilloInit		CODE           	269A	0000	15
		_LedParpadea   		CODE           	1E5E	0000	93
		_IntDelay_ms   		CODE           	2410	0000	51
		_Delay_ms      		CODE           	23AC	0000	51
		_IntLedParpadea		CODE           	1EBA	0000	93
		_LedAmarilloInterr		CODE           	2216	0000	65

PruebaLed20.c estimated size: 368

C:\Program Files (x86)\Microchip\xc8\v1.41\sources\common\Umul32.c
		___lmul        		CODE           	1F6E	0000	87

C:\Program Files (x86)\Microchip\xc8\v1.41\sources\common\Umul32.c estimated size: 87

RedSerie13.c
		_RsInterr      		CODE           	26C0	0000	11
		_PsTxEnviaCar  		CODE           	26D2	0000	9
		_RsCheckSum    		CODE           	1DFE	0000	97
		_RsTxEnviaMsg  		CODE           	1F16	0000	89
		_PsRxRecibeCar 		CODE           	26E4	0000	5
		_PsRxInterrupt 		CODE           	1294	0000	249
		_PsTxInterrupt 		CODE           	191E	0000	179
		_PsInit        		CODE           	2442	0000	47
		_RsInit        		CODE           	22D0	0000	59

RedSerie13.c estimated size: 745

RutinaModIO15.c
		_MioCiclo      		CODE           	096E	0000	419
		_MioPreparaReg 		CODE           	17B6	0000	183
		_MioInterr     		CODE           	206A	0000	83
		_MIOAdcLeido2Act		CODE           	258E	0000	39
		_MIOAdcAjuste2_5		CODE           	07BA	0000	437
		_MIOInit       		CODE           	138C	0000	241

RutinaModIO15.c estimated size: 1402

RTC21.c
		_Bcd2Hex       		CODE           	2618	0000	27
		_RtcLee        		CODE           	1560	0000	215
		_RtcEsc        		CODE           	16F8	0000	191
		_Hex2Bcd       		CODE           	230A	0000	59
		_RtcInit       		CODE           	2256	0000	63

RTC21.c estimated size: 555

shared
		__initialization		CODE           	1FC4	0000	71

shared estimated size: 71

C:\Program Files (x86)\Microchip\xc8\v1.41\sources\common\lwmod.c
		___lwmod       		CODE           	2194	0000	67

C:\Program Files (x86)\Microchip\xc8\v1.41\sources\common\lwmod.c estimated size: 67

Maestro21.c
		_MstMain       		CODE           	2150	0000	69
		_MstInit       		CODE           	210A	0000	71
		_MstCiclo      		CODE           	2688	0000	19
		_MstInterr     		CODE           	26DA	0000	7

Maestro21.c estimated size: 166

C:\Program Files (x86)\Microchip\xc8\v1.41\sources\common\awmod.c
		___awmod       		CODE           	1BEE	0000	113

C:\Program Files (x86)\Microchip\xc8\v1.41\sources\common\awmod.c estimated size: 113

RsComando14.c
		_LeeRAM        		CODE           	2540	0000	41
		_EscRAM        		CODE           	25B4	0000	39
		_MstRsComando  		CODE           	0F3A	0000	313

RsComando14.c estimated size: 393

C:\Program Files (x86)\Microchip\xc8\v1.41\sources\common\abs.c
		_abs           		CODE           	24F0	0000	41

C:\Program Files (x86)\Microchip\xc8\v1.41\sources\common\abs.c estimated size: 41

Mse21.c
		_MseLee        		CODE           	0B10	0000	383
		_MseEsc        		CODE           	1072	0000	287

Mse21.c estimated size: 670

RutinaTpo20.c
		_Tpo_interr    		CODE           	2470	0000	45
		_Tpo_Ciclo     		CODE           	1636	0000	195
		_Tpo_init      		CODE           	1D9C	0000	99

RutinaTpo20.c estimated size: 339

